// Jest Snapshot v1, https://goo.gl/fbAQLP

exports[`<MaxErrorInput /> renders 1`] = `ShallowWrapper {}`;
