// Jest Snapshot v1, https://goo.gl/fbAQLP

exports[`<NotFoundPage /> renders 1`] = `ShallowWrapper {}`;
