// Jest Snapshot v1, https://goo.gl/fbAQLP

exports[`<Tracking /> renders 1`] = `ShallowWrapper {}`;
