// Jest Snapshot v1, https://goo.gl/fbAQLP

exports[`<Map /> renders 1`] = `ShallowWrapper {}`;
