// Jest Snapshot v1, https://goo.gl/fbAQLP

exports[`<Options /> renders 1`] = `ShallowWrapper {}`;
