// Jest Snapshot v1, https://goo.gl/fbAQLP

exports[`<NavBar /> renders 1`] = `ShallowWrapper {}`;
