// Jest Snapshot v1, https://goo.gl/fbAQLP

exports[`<EditTrackerForm /> renders 1`] = `ShallowWrapper {}`;
