// Jest Snapshot v1, https://goo.gl/fbAQLP

exports[`<AddTrackerForm /> renders 1`] = `ShallowWrapper {}`;
