// Jest Snapshot v1, https://goo.gl/fbAQLP

exports[`<SampleContainer /> renders 1`] = `ShallowWrapper {}`;
