// Jest Snapshot v1, https://goo.gl/fbAQLP

exports[`<DeerSelector /> renders 1`] = `ShallowWrapper {}`;
