// Jest Snapshot v1, https://goo.gl/fbAQLP

exports[`<SampleComponent /> renders 1`] = `ShallowWrapper {}`;
