// Jest Snapshot v1, https://goo.gl/fbAQLP

exports[`<ColourOptions /> renders 1`] = `ShallowWrapper {}`;
