// Jest Snapshot v1, https://goo.gl/fbAQLP

exports[`<ControlCard /> renders 1`] = `ShallowWrapper {}`;
