// Jest Snapshot v1, https://goo.gl/fbAQLP

exports[`<FilterDrawer /> renders 1`] = `ShallowWrapper {}`;
